// Jest Snapshot v1, https://goo.gl/fbAQLP

exports[`<ModalBox /> renders data from props 1`] = `
<div>
  <div
    aria-hidden="true"
    className="modal fade"
    id="exampleModal"
    role="dialog"
    tabIndex="-1"
  >
    <div
      className="modal-dialog modal-lg"
      role="document"
    >
      <div
        className="modal-content"
      >
        <div
          className="modal-header"
        >
          <h5
            className="modal-title"
          >
            Collaborative Quilting
            , 
            Freddy Moran
            Gwen Marston
            | 
            Collaborative Quilting
          </h5>
          <button
            aria-label="Close"
            className="close"
            data-dismiss="modal"
            type="button"
          >
            <span
              aria-hidden="true"
            >
              Ã—
            </span>
          </button>
        </div>
        <div
          className="modal-body"
        >
          <div
            className="row"
          >
            <div
              className="image col-md-3"
            >
              <img
                alt="Collaborative Quilting"
                src="http://tinyurl.com/55"
              />
              <p
                className="font-weight-bold"
              >
                Genre: 
                No genre found
              </p>
              <p>
                No ratings yet.
              </p>
            </div>
            <div
              className="col-md-9"
            >
              <p>
                A book about quilting.
              </p>
            </div>
            <a>
              View in Google Play store.
            </a>
          </div>
        </div>
      </div>
    </div>
  </div>
</div>
`;
